
[1m[46m RUN [49m[22m [36mv3.2.4 [39m[90mC:/Users/lflen/_git/r3e-leaderboard-ui[39m

 [31mÔØ»[39m tests/modules/hall-of-fame.test.js [2m([22m[2m15 tests[22m[2m | [22m[31m15 failed[39m[2m)[22m[32m 26[2mms[22m[39m
[31m   [31m├ù[31m hall-of-fame ÔÇô visibility via URL params[2m > [22mshows the container when no search params are present[39m[32m 11[2mms[22m[39m
[31m     ÔåÆ Unexpected string[39m
[31m   [31m├ù[31m hall-of-fame ÔÇô visibility via URL params[2m > [22mhides the container when ?driver= param is in the URL[39m[32m 2[2mms[22m[39m
[31m     ÔåÆ Unexpected string[39m
[31m   [31m├ù[31m hall-of-fame ÔÇô visibility via URL params[2m > [22mhides the container when ?query= param is in the URL[39m[32m 1[2mms[22m[39m
[31m     ÔåÆ Unexpected string[39m
[31m   [31m├ù[31m hall-of-fame ÔÇô visibility via URL params[2m > [22mignores empty driver= param and keeps container visible[39m[32m 1[2mms[22m[39m
[31m     ÔåÆ Unexpected string[39m
[31m   [31m├ù[31m hall-of-fame ÔÇô visibility via search input[2m > [22mhides when a value is typed in the search input[39m[32m 1[2mms[22m[39m
[31m     ÔåÆ Unexpected string[39m
[31m   [31m├ù[31m hall-of-fame ÔÇô visibility via search input[2m > [22mshows again when the search input is cleared[39m[32m 1[2mms[22m[39m
[31m     ÔåÆ Unexpected string[39m
[31m   [31m├ù[31m hall-of-fame ÔÇô visibility via search input[2m > [22mresponds to change events as well as input events[39m[32m 1[2mms[22m[39m
[31m     ÔåÆ Unexpected string[39m
[31m   [31m├ù[31m hall-of-fame ÔÇô missing container[2m > [22mdoes not throw when #hall-of-fame-container is absent from the DOM[39m[32m 3[2mms[22m[39m
[31m     ÔåÆ expected [Function] to not throw an error but 'SyntaxError' was thrown[39m
[31m   [31m├ù[31m hall-of-fame ÔÇô rendered HTML[2m > [22mrenders Hall of Fame card with poles and bested sections after data loads[39m[32m 1[2mms[22m[39m
[31m     ÔåÆ Unexpected string[39m
[31m   [31m├ù[31m hall-of-fame ÔÇô rendered HTML[2m > [22mlinks the card to records.html[39m[32m 1[2mms[22m[39m
[31m     ÔåÆ Unexpected string[39m
[31m   [31m├ù[31m hall-of-fame ÔÇô rendered HTML[2m > [22mrenders "No data" placeholder when poles array is empty[39m[32m 1[2mms[22m[39m
[31m     ÔåÆ Unexpected string[39m
[31m   [31m├ù[31m hall-of-fame ÔÇô rendered HTML[2m > [22mescapes HTML special characters in driver names[39m[32m 1[2mms[22m[39m
[31m     ÔåÆ Unexpected string[39m
[31m   [31m├ù[31m hall-of-fame ÔÇô rendered HTML[2m > [22muses R3EUtils.escapeHtml when available[39m[32m 1[2mms[22m[39m
[31m     ÔåÆ Unexpected string[39m
[31m   [31m├ù[31m hall-of-fame ÔÇô missing StatsData[2m > [22mdoes not throw and leaves the container empty when StatsData is absent[39m[32m 1[2mms[22m[39m
[31m     ÔåÆ expected [Function] to not throw an error but 'SyntaxError' was thrown[39m
[31m   [31m├ù[31m hall-of-fame ÔÇô StatsData returns null paths[2m > [22mdoes not render when getPathsForFilter returns null[39m[32m 1[2mms[22m[39m
[31m     ÔåÆ Unexpected string[39m
node.exe : 
Au caractère Ligne:1 : 1
+ & "C:\Program Files\nodejs/node.exe" "C:\Program Files\nodejs/node_mo ...
+ ~~~~~~~~~~~~~~~~~~~~~~~~~~~~~~~~~~~~~~~~~~~~~~~~~~~~~~~~~~~~~~~~~~~~~
    + CategoryInfo          : NotSpecified: (:String) [], RemoteException
    + FullyQualifiedErrorId : NativeCommandError
 
[31mÔÄ»ÔÄ»ÔÄ»ÔÄ»ÔÄ»ÔÄ»[39m[1m[41m Failed Tests 15 
[49m[22m[31mÔÄ»ÔÄ»ÔÄ»ÔÄ»ÔÄ»ÔÄ»ÔÄ»[39m

[41m[1m FAIL [22m[49m tests/modules/hall-of-fame.test.js[2m > 
[22mhall-of-fame ÔÇô visibility via URL params[2m > [22mshows the container 
when no search params are present
[31m[1mSyntaxError[22m: Unexpected string[39m
[36m [2mÔØ»[22m loadBrowserScript 
tests/helpers/script-loader.js:[2m13:8[22m[39m
    [90m 11| [39m    [35mconst[39m code [33m=[39m 
fs[33m.[39m[34mreadFileSync[39m(fullPath[33m,[39m 
[32m'utf8'[39m)[33m;[39m
    [90m 12| [39m    [35mconst[39m context [33m=[39m 
vm[33m.[39m[34mcreateContext[39m(globalThis)[33m;[39m
    [90m 13| [39m    vm[33m.[39m[34mrunInContext[39m(code[33m,[39m 
context[33m,[39m { filename[33m:[39m fullPath })[33m;[39m
    [90m   | [39m       [31m^[39m
    [90m 14| [39m}
[90m [2mÔØ»[22m tests/modules/hall-of-fame.test.js:[2m42:26[22m[39m

[31m[2mÔÄ»ÔÄ»ÔÄ»ÔÄ»ÔÄ»ÔÄ»ÔÄ»ÔÄ»ÔÄ»ÔÄ»ÔÄ»ÔÄ»ÔÄ»ÔÄ»ÔÄ»ÔÄ»ÔÄ»ÔÄ»ÔÄ»ÔÄ»ÔÄ»ÔÄ»ÔÄ»[
1/15]ÔÄ»[22m[39m

[41m[1m FAIL [22m[49m tests/modules/hall-of-fame.test.js[2m > 
[22mhall-of-fame ÔÇô visibility via URL params[2m > [22mhides the container 
when ?driver= param is in the URL
[31m[1mSyntaxError[22m: Unexpected string[39m
[36m [2mÔØ»[22m loadBrowserScript 
tests/helpers/script-loader.js:[2m13:8[22m[39m
    [90m 11| [39m    [35mconst[39m code [33m=[39m 
fs[33m.[39m[34mreadFileSync[39m(fullPath[33m,[39m 
[32m'utf8'[39m)[33m;[39m
    [90m 12| [39m    [35mconst[39m context [33m=[39m 
vm[33m.[39m[34mcreateContext[39m(globalThis)[33m;[39m
    [90m 13| [39m    vm[33m.[39m[34mrunInContext[39m(code[33m,[39m 
context[33m,[39m { filename[33m:[39m fullPath })[33m;[39m
    [90m   | [39m       [31m^[39m
    [90m 14| [39m}
[90m [2mÔØ»[22m tests/modules/hall-of-fame.test.js:[2m49:26[22m[39m

[31m[2mÔÄ»ÔÄ»ÔÄ»ÔÄ»ÔÄ»ÔÄ»ÔÄ»ÔÄ»ÔÄ»ÔÄ»ÔÄ»ÔÄ»ÔÄ»ÔÄ»ÔÄ»ÔÄ»ÔÄ»ÔÄ»ÔÄ»ÔÄ»ÔÄ»ÔÄ»ÔÄ»[
2/15]ÔÄ»[22m[39m

[41m[1m FAIL [22m[49m tests/modules/hall-of-fame.test.js[2m > 
[22mhall-of-fame ÔÇô visibility via URL params[2m > [22mhides the container 
when ?query= param is in the URL
[31m[1mSyntaxError[22m: Unexpected string[39m
[36m [2mÔØ»[22m loadBrowserScript 
tests/helpers/script-loader.js:[2m13:8[22m[39m
    [90m 11| [39m    [35mconst[39m code [33m=[39m 
fs[33m.[39m[34mreadFileSync[39m(fullPath[33m,[39m 
[32m'utf8'[39m)[33m;[39m
    [90m 12| [39m    [35mconst[39m context [33m=[39m 
vm[33m.[39m[34mcreateContext[39m(globalThis)[33m;[39m
    [90m 13| [39m    vm[33m.[39m[34mrunInContext[39m(code[33m,[39m 
context[33m,[39m { filename[33m:[39m fullPath })[33m;[39m
    [90m   | [39m       [31m^[39m
    [90m 14| [39m}
[90m [2mÔØ»[22m tests/modules/hall-of-fame.test.js:[2m56:26[22m[39m

[31m[2mÔÄ»ÔÄ»ÔÄ»ÔÄ»ÔÄ»ÔÄ»ÔÄ»ÔÄ»ÔÄ»ÔÄ»ÔÄ»ÔÄ»ÔÄ»ÔÄ»ÔÄ»ÔÄ»ÔÄ»ÔÄ»ÔÄ»ÔÄ»ÔÄ»ÔÄ»ÔÄ»[
3/15]ÔÄ»[22m[39m

[41m[1m FAIL [22m[49m tests/modules/hall-of-fame.test.js[2m > 
[22mhall-of-fame ÔÇô visibility via URL params[2m > [22mignores empty 
driver= param and keeps container visible
[31m[1mSyntaxError[22m: Unexpected string[39m
[36m [2mÔØ»[22m loadBrowserScript 
tests/helpers/script-loader.js:[2m13:8[22m[39m
    [90m 11| [39m    [35mconst[39m code [33m=[39m 
fs[33m.[39m[34mreadFileSync[39m(fullPath[33m,[39m 
[32m'utf8'[39m)[33m;[39m
    [90m 12| [39m    [35mconst[39m context [33m=[39m 
vm[33m.[39m[34mcreateContext[39m(globalThis)[33m;[39m
    [90m 13| [39m    vm[33m.[39m[34mrunInContext[39m(code[33m,[39m 
context[33m,[39m { filename[33m:[39m fullPath })[33m;[39m
    [90m   | [39m       [31m^[39m
    [90m 14| [39m}
[90m [2mÔØ»[22m tests/modules/hall-of-fame.test.js:[2m63:26[22m[39m

[31m[2mÔÄ»ÔÄ»ÔÄ»ÔÄ»ÔÄ»ÔÄ»ÔÄ»ÔÄ»ÔÄ»ÔÄ»ÔÄ»ÔÄ»ÔÄ»ÔÄ»ÔÄ»ÔÄ»ÔÄ»ÔÄ»ÔÄ»ÔÄ»ÔÄ»ÔÄ»ÔÄ»[
4/15]ÔÄ»[22m[39m

[41m[1m FAIL [22m[49m tests/modules/hall-of-fame.test.js[2m > 
[22mhall-of-fame ÔÇô visibility via search input[2m > [22mhides when a 
value is typed in the search input
[41m[1m FAIL [22m[49m tests/modules/hall-of-fame.test.js[2m > 
[22mhall-of-fame ÔÇô visibility via search input[2m > [22mshows again when 
the search input is cleared
[41m[1m FAIL [22m[49m tests/modules/hall-of-fame.test.js[2m > 
[22mhall-of-fame ÔÇô visibility via search input[2m > [22mresponds to 
change events as well as input events
[31m[1mSyntaxError[22m: Unexpected string[39m
[36m [2mÔØ»[22m loadBrowserScript 
tests/helpers/script-loader.js:[2m13:8[22m[39m
    [90m 11| [39m    [35mconst[39m code [33m=[39m 
fs[33m.[39m[34mreadFileSync[39m(fullPath[33m,[39m 
[32m'utf8'[39m)[33m;[39m
    [90m 12| [39m    [35mconst[39m context [33m=[39m 
vm[33m.[39m[34mcreateContext[39m(globalThis)[33m;[39m
    [90m 13| [39m    vm[33m.[39m[34mrunInContext[39m(code[33m,[39m 
context[33m,[39m { filename[33m:[39m fullPath })[33m;[39m
    [90m   | [39m       [31m^[39m
    [90m 14| [39m}
[90m [2mÔØ»[22m tests/modules/hall-of-fame.test.js:[2m77:26[22m[39m

[31m[2mÔÄ»ÔÄ»ÔÄ»ÔÄ»ÔÄ»ÔÄ»ÔÄ»ÔÄ»ÔÄ»ÔÄ»ÔÄ»ÔÄ»ÔÄ»ÔÄ»ÔÄ»ÔÄ»ÔÄ»ÔÄ»ÔÄ»ÔÄ»ÔÄ»ÔÄ»ÔÄ»[
5/15]ÔÄ»[22m[39m

[41m[1m FAIL [22m[49m tests/modules/hall-of-fame.test.js[2m > 
[22mhall-of-fame ÔÇô missing container[2m > [22mdoes not throw when 
#hall-of-fame-container is absent from the DOM
[31m[1mAssertionError[22m: expected [Function] to not throw an error but 
'SyntaxError' was thrown[39m

[32m- Expected:[39m 
undefined

[31m+ Received:[39m 
"SyntaxError"

[36m [2mÔØ»[22m tests/modules/hall-of-fame.test.js:[2m117:72[22m[39m
    [90m115| [39m        
window[33m.[39mhistory[33m.[39m[34mreplaceState[39m({}[33m,[39m 
[32m''[39m[33m,[39m [32m'/'[39m)[33m;[39m
    [90m116| [39m        document[33m.[39mbody[33m.[39minnerHTML 
[33m=[39m [32m'<div>no container</div>'[39m[33m;[39m
    [90m117| [39m        expect(() => 
loadBrowserScript('modules/hall-of-fame.js')).notÔÇª
    [90m   | [39m                                                            
           [31m^[39m
    [90m118| [39m    })[33m;[39m
    [90m119| [39m})[33m;[39m

[31m[2mÔÄ»ÔÄ»ÔÄ»ÔÄ»ÔÄ»ÔÄ»ÔÄ»ÔÄ»ÔÄ»ÔÄ»ÔÄ»ÔÄ»ÔÄ»ÔÄ»ÔÄ»ÔÄ»ÔÄ»ÔÄ»ÔÄ»ÔÄ»ÔÄ»ÔÄ»ÔÄ»[
6/15]ÔÄ»[22m[39m

[41m[1m FAIL [22m[49m tests/modules/hall-of-fame.test.js[2m > 
[22mhall-of-fame ÔÇô rendered HTML[2m > [22mrenders Hall of Fame card with 
poles and bested sections after data loads
[31m[1mSyntaxError[22m: Unexpected string[39m
[36m [2mÔØ»[22m loadBrowserScript 
tests/helpers/script-loader.js:[2m13:8[22m[39m
    [90m 11| [39m    [35mconst[39m code [33m=[39m 
fs[33m.[39m[34mreadFileSync[39m(fullPath[33m,[39m 
[32m'utf8'[39m)[33m;[39m
    [90m 12| [39m    [35mconst[39m context [33m=[39m 
vm[33m.[39m[34mcreateContext[39m(globalThis)[33m;[39m
    [90m 13| [39m    vm[33m.[39m[34mrunInContext[39m(code[33m,[39m 
context[33m,[39m { filename[33m:[39m fullPath })[33m;[39m
    [90m   | [39m       [31m^[39m
    [90m 14| [39m}
[90m [2mÔØ»[22m tests/modules/hall-of-fame.test.js:[2m136:26[22m[39m

[31m[2mÔÄ»ÔÄ»ÔÄ»ÔÄ»ÔÄ»ÔÄ»ÔÄ»ÔÄ»ÔÄ»ÔÄ»ÔÄ»ÔÄ»ÔÄ»ÔÄ»ÔÄ»ÔÄ»ÔÄ»ÔÄ»ÔÄ»ÔÄ»ÔÄ»ÔÄ»ÔÄ»[
7/15]ÔÄ»[22m[39m

[41m[1m FAIL [22m[49m tests/modules/hall-of-fame.test.js[2m > 
[22mhall-of-fame ÔÇô rendered HTML[2m > [22mlinks the card to records.html
[31m[1mSyntaxError[22m: Unexpected string[39m
[36m [2mÔØ»[22m loadBrowserScript 
tests/helpers/script-loader.js:[2m13:8[22m[39m
    [90m 11| [39m    [35mconst[39m code [33m=[39m 
fs[33m.[39m[34mreadFileSync[39m(fullPath[33m,[39m 
[32m'utf8'[39m)[33m;[39m
    [90m 12| [39m    [35mconst[39m context [33m=[39m 
vm[33m.[39m[34mcreateContext[39m(globalThis)[33m;[39m
    [90m 13| [39m    vm[33m.[39m[34mrunInContext[39m(code[33m,[39m 
context[33m,[39m { filename[33m:[39m fullPath })[33m;[39m
    [90m   | [39m       [31m^[39m
    [90m 14| [39m}
[90m [2mÔØ»[22m tests/modules/hall-of-fame.test.js:[2m155:26[22m[39m

[31m[2mÔÄ»ÔÄ»ÔÄ»ÔÄ»ÔÄ»ÔÄ»ÔÄ»ÔÄ»ÔÄ»ÔÄ»ÔÄ»ÔÄ»ÔÄ»ÔÄ»ÔÄ»ÔÄ»ÔÄ»ÔÄ»ÔÄ»ÔÄ»ÔÄ»ÔÄ»ÔÄ»[
8/15]ÔÄ»[22m[39m

[41m[1m FAIL [22m[49m tests/modules/hall-of-fame.test.js[2m > 
[22mhall-of-fame ÔÇô rendered HTML[2m > [22mrenders "No data" placeholder 
when poles array is empty
[31m[1mSyntaxError[22m: Unexpected string[39m
[36m [2mÔØ»[22m loadBrowserScript 
tests/helpers/script-loader.js:[2m13:8[22m[39m
    [90m 11| [39m    [35mconst[39m code [33m=[39m 
fs[33m.[39m[34mreadFileSync[39m(fullPath[33m,[39m 
[32m'utf8'[39m)[33m;[39m
    [90m 12| [39m    [35mconst[39m context [33m=[39m 
vm[33m.[39m[34mcreateContext[39m(globalThis)[33m;[39m
    [90m 13| [39m    vm[33m.[39m[34mrunInContext[39m(code[33m,[39m 
context[33m,[39m { filename[33m:[39m fullPath })[33m;[39m
    [90m   | [39m       [31m^[39m
    [90m 14| [39m}
[90m [2mÔØ»[22m tests/modules/hall-of-fame.test.js:[2m167:26[22m[39m

[31m[2mÔÄ»ÔÄ»ÔÄ»ÔÄ»ÔÄ»ÔÄ»ÔÄ»ÔÄ»ÔÄ»ÔÄ»ÔÄ»ÔÄ»ÔÄ»ÔÄ»ÔÄ»ÔÄ»ÔÄ»ÔÄ»ÔÄ»ÔÄ»ÔÄ»ÔÄ»ÔÄ»[
9/15]ÔÄ»[22m[39m

[41m[1m FAIL [22m[49m tests/modules/hall-of-fame.test.js[2m > 
[22mhall-of-fame ÔÇô rendered HTML[2m > [22mescapes HTML special characters 
in driver names
[31m[1mSyntaxError[22m: Unexpected string[39m
[36m [2mÔØ»[22m loadBrowserScript 
tests/helpers/script-loader.js:[2m13:8[22m[39m
    [90m 11| [39m    [35mconst[39m code [33m=[39m 
fs[33m.[39m[34mreadFileSync[39m(fullPath[33m,[39m 
[32m'utf8'[39m)[33m;[39m
    [90m 12| [39m    [35mconst[39m context [33m=[39m 
vm[33m.[39m[34mcreateContext[39m(globalThis)[33m;[39m
    [90m 13| [39m    vm[33m.[39m[34mrunInContext[39m(code[33m,[39m 
context[33m,[39m { filename[33m:[39m fullPath })[33m;[39m
    [90m   | [39m       [31m^[39m
    [90m 14| [39m}
[90m [2mÔØ»[22m tests/modules/hall-of-fame.test.js:[2m179:26[22m[39m

[31m[2mÔÄ»ÔÄ»ÔÄ»ÔÄ»ÔÄ»ÔÄ»ÔÄ»ÔÄ»ÔÄ»ÔÄ»ÔÄ»ÔÄ»ÔÄ»ÔÄ»ÔÄ»ÔÄ»ÔÄ»ÔÄ»ÔÄ»ÔÄ»ÔÄ»ÔÄ»[10/
15]ÔÄ»[22m[39m

[41m[1m FAIL [22m[49m tests/modules/hall-of-fame.test.js[2m > 
[22mhall-of-fame ÔÇô rendered HTML[2m > [22muses R3EUtils.escapeHtml when 
available
[31m[1mSyntaxError[22m: Unexpected string[39m
[36m [2mÔØ»[22m loadBrowserScript 
tests/helpers/script-loader.js:[2m13:8[22m[39m
    [90m 11| [39m    [35mconst[39m code [33m=[39m 
fs[33m.[39m[34mreadFileSync[39m(fullPath[33m,[39m 
[32m'utf8'[39m)[33m;[39m
    [90m 12| [39m    [35mconst[39m context [33m=[39m 
vm[33m.[39m[34mcreateContext[39m(globalThis)[33m;[39m
    [90m 13| [39m    vm[33m.[39m[34mrunInContext[39m(code[33m,[39m 
context[33m,[39m { filename[33m:[39m fullPath })[33m;[39m
    [90m   | [39m       [31m^[39m
    [90m 14| [39m}
[90m [2mÔØ»[22m tests/modules/hall-of-fame.test.js:[2m194:26[22m[39m

[31m[2mÔÄ»ÔÄ»ÔÄ»ÔÄ»ÔÄ»ÔÄ»ÔÄ»ÔÄ»ÔÄ»ÔÄ»ÔÄ»ÔÄ»ÔÄ»ÔÄ»ÔÄ»ÔÄ»ÔÄ»ÔÄ»ÔÄ»ÔÄ»ÔÄ»ÔÄ»[11/
15]ÔÄ»[22m[39m

[41m[1m FAIL [22m[49m tests/modules/hall-of-fame.test.js[2m > 
[22mhall-of-fame ÔÇô missing StatsData[2m > [22mdoes not throw and leaves 
the container empty when StatsData is absent
[31m[1mAssertionError[22m: expected [Function] to not throw an error but 
'SyntaxError' was thrown[39m

[32m- Expected:[39m 
undefined

[31m+ Received:[39m 
"SyntaxError"

[36m [2mÔØ»[22m tests/modules/hall-of-fame.test.js:[2m211:72[22m[39m
    [90m209| [39m        window[33m.[39m[33mStatsData[39m [33m=[39m 
undefined[33m;[39m
    [90m210| [39m        document[33m.[39mbody[33m.[39minnerHTML 
[33m=[39m [34mbuildHofDOM[39m()[33m;[39m
    [90m211| [39m        expect(() => 
loadBrowserScript('modules/hall-of-fame.js')).notÔÇª
    [90m   | [39m                                                            
           [31m^[39m
    [90m212| [39m        [35mawait[39m [35mnew[39m 
[33mPromise[39m(resolve [33m=>[39m [34msetTimeout[39m(resolve[33m,[39m 
[34m0[39m))[33m;[39m
    [90m213| [39m        [90m// Container should still exist and not have 
crashed[39m

[31m[2mÔÄ»ÔÄ»ÔÄ»ÔÄ»ÔÄ»ÔÄ»ÔÄ»ÔÄ»ÔÄ»ÔÄ»ÔÄ»ÔÄ»ÔÄ»ÔÄ»ÔÄ»ÔÄ»ÔÄ»ÔÄ»ÔÄ»ÔÄ»ÔÄ»ÔÄ»[12/
15]ÔÄ»[22m[39m

[41m[1m FAIL [22m[49m tests/modules/hall-of-fame.test.js[2m > 
[22mhall-of-fame ÔÇô StatsData returns null paths[2m > [22mdoes not render 
when getPathsForFilter returns null
[31m[1mSyntaxError[22m: Unexpected string[39m
[36m [2mÔØ»[22m loadBrowserScript 
tests/helpers/script-loader.js:[2m13:8[22m[39m
    [90m 11| [39m    [35mconst[39m code [33m=[39m 
fs[33m.[39m[34mreadFileSync[39m(fullPath[33m,[39m 
[32m'utf8'[39m)[33m;[39m
    [90m 12| [39m    [35mconst[39m context [33m=[39m 
vm[33m.[39m[34mcreateContext[39m(globalThis)[33m;[39m
    [90m 13| [39m    vm[33m.[39m[34mrunInContext[39m(code[33m,[39m 
context[33m,[39m { filename[33m:[39m fullPath })[33m;[39m
    [90m   | [39m       [31m^[39m
    [90m 14| [39m}
[90m [2mÔØ»[22m tests/modules/hall-of-fame.test.js:[2m231:26[22m[39m

[31m[2mÔÄ»ÔÄ»ÔÄ»ÔÄ»ÔÄ»ÔÄ»ÔÄ»ÔÄ»ÔÄ»ÔÄ»ÔÄ»ÔÄ»ÔÄ»ÔÄ»ÔÄ»ÔÄ»ÔÄ»ÔÄ»ÔÄ»ÔÄ»ÔÄ»ÔÄ»[13/
15]ÔÄ»[22m[39m


[2m Test Files [22m [1m[31m1 failed[39m[22m[90m (1)[39m
[2m      Tests [22m [1m[31m15 failed[39m[22m[90m (15)[39m
[2m   Start at [22m 02:12:39
[2m   Duration [22m 767ms[2m (transform 19ms, setup 0ms, collect 23ms, tests 26ms, environment 467ms, prepare 82ms)[22m

